2026-08-18T17:39:24Z | INFO | Experiment initialized: DITTO-EXP-0001
2026-08-18T17:39:26Z | INFO | D4 environment and pinned runtime preflight passed
==================== setup kwargs ====================
online_mode <class 'bool'> False
max_size <class 'int'> 1920
template_n_frames <class 'int'> -1
crop_scale <class 'float'> 2.3
crop_vx_ratio <class 'int'> 0
crop_vy_ratio <class 'float'> -0.125
crop_flag_do_rot <class 'bool'> True
smo_k_s <class 'int'> 13
emo <class 'numpy.ndarray'> (600, 8)
eye_f0_mode <class 'bool'> False
ch_info <class 'dict'>
overlap_v2 <class 'int'> 10
fix_kp_cond <class 'int'> 1
fix_kp_cond_dim <class 'list'> [0, 202]
sampling_timesteps <class 'int'> 50
v_min_max_for_clip <class 'numpy.ndarray'> (4, 265)
smo_k_d <class 'int'> 3
N_d <class 'int'> -1
use_d_keys <class 'NoneType'> None
relative_d <class 'bool'> True
drive_eye <class 'NoneType'> None
delta_eye_arr <class 'numpy.ndarray'> (15, 63)
delta_eye_open_n <class 'int'> 0
fade_type <class 'str'> d0
fade_out_keys <class 'list'> ['exp']
flag_stitching <class 'bool'> True
overall_ctrl_info <class 'dict'> {'delta_pitch': 2}
==================================================

writer: 0it [00:00, ?it/s]

dit: 0it [00:00, ?it/s][A

dit: 2it [00:01,  1.78it/s][A
dit: 2it [00:02,  1.10s/it]

writer: 1it [00:05,  5.67s/it]
writer: 13it [00:05,  3.11it/s]
writer: 19it [00:06,  4.62it/s]
writer: 24it [00:06,  6.03it/s]
writer: 28it [00:06,  7.28it/s]
writer: 31it [00:06,  8.34it/s]
writer: 34it [00:07,  9.47it/s]
writer: 37it [00:07, 10.65it/s]
writer: 39it [00:07, 11.43it/s]
writer: 41it [00:07, 12.27it/s]
writer: 43it [00:07, 13.06it/s]
writer: 45it [00:07, 13.75it/s]
writer: 47it [00:07, 14.36it/s]
writer: 49it [00:07, 14.84it/s]
writer: 51it [00:08, 15.25it/s]
writer: 53it [00:08, 15.63it/s]
writer: 55it [00:08, 15.85it/s]
writer: 57it [00:08, 15.97it/s]
writer: 59it [00:08, 16.09it/s]
writer: 61it [00:08, 16.18it/s]
writer: 63it [00:08, 16.28it/s]
writer: 65it [00:08, 16.28it/s]
writer: 67it [00:09, 16.35it/s]
writer: 69it [00:09, 16.40it/s]
writer: 71it [00:09, 16.40it/s]
writer: 73it [00:09, 16.40it/s]
writer: 75it [00:09, 16.36it/s]
writer: 77it [00:09, 16.45it/s]
writer: 79it [00:09, 16.43it/s]
writer: 81it [00:09, 16.46it/s]
writer: 83it [00:10, 16.44it/s]
writer: 85it [00:10, 16.47it/s]
writer: 87it [00:10, 16.49it/s]
writer: 89it [00:10, 16.46it/s]
writer: 91it [00:10, 16.44it/s]
writer: 93it [00:10, 16.47it/s]
writer: 95it [00:10, 16.44it/s]
writer: 97it [00:10, 16.43it/s]
writer: 99it [00:11, 16.41it/s]
writer: 101it [00:11, 16.41it/s]
writer: 103it [00:11, 16.40it/s]
writer: 105it [00:11, 16.40it/s]
writer: 107it [00:11, 15.52it/s]
writer: 109it [00:11, 15.77it/s]
writer: 111it [00:11, 15.95it/s]
writer: 113it [00:11, 16.12it/s]
writer: 115it [00:12, 16.19it/s]
writer: 117it [00:12, 16.29it/s]
writer: 119it [00:12, 16.32it/s]
writer: 121it [00:12, 16.38it/s]
writer: 124it [00:12, 18.94it/s]
writer: 125it [00:12,  9.94it/s]
2026-08-18T17:40:26Z | INFO | D4 generated and validated D:\Data of all Students\Humaisa\dialogue-avatar\results\experiments\DITTO-EXP-0001\generated.mp4
2026-08-18T17:40:26Z | INFO | Experiment completed with status: succeeded
